<?xml version="1.0" encoding="UTF-8"?>
<TestRun id="69b4a57e-c3ee-4adb-a958-717de8995e00" name="cxs@TRANSFAR-PUBLIC 2010-12-10 16:47:17" runUser="TRANSFAR-PUBLIC\cxs" xmlns="http://microsoft.com/schemas/VisualStudio/TeamTest/2010">
  <TestSettings name="本地" id="6a88d567-65c1-4685-924d-daeb1a49facf">
    <Description>这些设置为本地测试运行的默认测试设置。</Description>
    <Deployment enabled="false" runDeploymentRoot="cxs_TRANSFAR-PUBLIC 2010-12-10 16_47_17">
      <DeploymentItem filename="C:\Documents and Settings\cxs\My Documents\Visual Studio 2010\Projects\WindowsFormsApplication2\WindowsFormsApplication2\bin\Debug\WindowsFormsApplication2.exe" />
    </Deployment>
    <Execution>
      <TestTypeSpecific />
      <AgentRule name="Execution Agents">
      </AgentRule>
    </Execution>
  </TestSettings>
  <Times creation="2010-12-10T16:47:17.3906250+08:00" queuing="2010-12-10T16:47:17.3906250+08:00" start="2010-12-10T16:47:17.4062500+08:00" finish="2010-12-10T16:47:17.7812500+08:00" />
  <ResultSummary outcome="Failed">
    <Counters total="3" executed="3" passed="1" error="0" failed="1" timeout="0" aborted="0" inconclusive="1" passedButRunAborted="0" notRunnable="0" notExecuted="0" disconnected="0" warning="0" completed="0" inProgress="0" pending="0" />
  </ResultSummary>
  <TestDefinitions>
    <UnitTest name="FuncationTest" storage="c:\documents and settings\cxs\my documents\visual studio 2010\projects\windowsformsapplication2\testproject1\bin\debug\testproject1.dll" id="6b002ec6-5ce7-6078-b02e-a4480d7945a6">
      <Execution id="a2d7a8f9-584e-47bb-a7ec-fceace64539e" />
      <TestMethod codeBase="C:/Documents and Settings/cxs/My Documents/Visual Studio 2010/Projects/WindowsFormsApplication2/TestProject1/bin/Debug/TestProject1.DLL" adapterTypeName="Microsoft.VisualStudio.TestTools.TestTypes.Unit.UnitTestAdapter, Microsoft.VisualStudio.QualityTools.Tips.UnitTest.Adapter, Version=10.0.0.0, Culture=neutral, PublicKeyToken=b03f5f7f11d50a3a" className="TestProject1.Class1Test, TestProject1, Version=1.0.0.0, Culture=neutral, PublicKeyToken=null" name="FuncationTest" />
    </UnitTest>
    <UnitTest name="Funcation2Test" storage="c:\documents and settings\cxs\my documents\visual studio 2010\projects\windowsformsapplication2\testproject1\bin\debug\testproject1.dll" id="10e38526-ef7e-32eb-3af6-cbd0bab73e28">
      <Execution id="a1e62df8-5b1b-4898-82de-6d8b92a6e038" />
      <TestMethod codeBase="C:/Documents and Settings/cxs/My Documents/Visual Studio 2010/Projects/WindowsFormsApplication2/TestProject1/bin/Debug/TestProject1.DLL" adapterTypeName="Microsoft.VisualStudio.TestTools.TestTypes.Unit.UnitTestAdapter, Microsoft.VisualStudio.QualityTools.Tips.UnitTest.Adapter, Version=10.0.0.0, Culture=neutral, PublicKeyToken=b03f5f7f11d50a3a" className="TestProject1.Class1Test, TestProject1, Version=1.0.0.0, Culture=neutral, PublicKeyToken=null" name="Funcation2Test" />
    </UnitTest>
    <UnitTest name="Funcation3Test" storage="c:\documents and settings\cxs\my documents\visual studio 2010\projects\windowsformsapplication2\testproject1\bin\debug\testproject1.dll" id="7d29f5a8-206e-66dd-f6be-07c4ac493639">
      <DeploymentItems>
        <DeploymentItem filename="WindowsFormsApplication2.exe" />
      </DeploymentItems>
      <Execution id="03e57f77-71e3-4981-8c4d-8a6b8aea9645" />
      <TestMethod codeBase="C:/Documents and Settings/cxs/My Documents/Visual Studio 2010/Projects/WindowsFormsApplication2/TestProject1/bin/Debug/TestProject1.DLL" adapterTypeName="Microsoft.VisualStudio.TestTools.TestTypes.Unit.UnitTestAdapter, Microsoft.VisualStudio.QualityTools.Tips.UnitTest.Adapter, Version=10.0.0.0, Culture=neutral, PublicKeyToken=b03f5f7f11d50a3a" className="TestProject1.Class1Test, TestProject1, Version=1.0.0.0, Culture=neutral, PublicKeyToken=null" name="Funcation3Test" />
    </UnitTest>
  </TestDefinitions>
  <TestLists>
    <TestList name="列表中未列出的结果" id="8c84fa94-04c1-424b-9868-57a2d4851a1d" />
    <TestList name="所有已加载的结果" id="19431567-8539-422a-85d7-44ee4e166bda" />
  </TestLists>
  <TestEntries>
    <TestEntry testId="10e38526-ef7e-32eb-3af6-cbd0bab73e28" executionId="a1e62df8-5b1b-4898-82de-6d8b92a6e038" testListId="8c84fa94-04c1-424b-9868-57a2d4851a1d" />
    <TestEntry testId="6b002ec6-5ce7-6078-b02e-a4480d7945a6" executionId="a2d7a8f9-584e-47bb-a7ec-fceace64539e" testListId="8c84fa94-04c1-424b-9868-57a2d4851a1d" />
    <TestEntry testId="7d29f5a8-206e-66dd-f6be-07c4ac493639" executionId="03e57f77-71e3-4981-8c4d-8a6b8aea9645" testListId="8c84fa94-04c1-424b-9868-57a2d4851a1d" />
  </TestEntries>
  <Results>
    <UnitTestResult executionId="a1e62df8-5b1b-4898-82de-6d8b92a6e038" testId="10e38526-ef7e-32eb-3af6-cbd0bab73e28" testName="Funcation2Test" computerName="TRANSFAR-PUBLIC" duration="00:00:00.0771241" startTime="2010-12-10T16:47:17.4062500+08:00" endTime="2010-12-10T16:47:17.7031250+08:00" testType="13cdc9d9-ddb5-4fa4-a97d-d965ccfc6d4b" outcome="Failed" testListId="8c84fa94-04c1-424b-9868-57a2d4851a1d" relativeResultsDirectory="a1e62df8-5b1b-4898-82de-6d8b92a6e038">
      <Output>
        <ErrorInfo>
          <Message>Assert.AreEqual 失败。应为: &lt;0&gt;，实际为: &lt;1&gt;。</Message>
          <StackTrace>   在 TestProject1.Class1Test.Funcation2Test() 位置 C:\Documents and Settings\cxs\My Documents\Visual Studio 2010\Projects\WindowsFormsApplication2\TestProject1\Class1Test.cs:行号 91
</StackTrace>
        </ErrorInfo>
      </Output>
    </UnitTestResult>
    <UnitTestResult executionId="a2d7a8f9-584e-47bb-a7ec-fceace64539e" testId="6b002ec6-5ce7-6078-b02e-a4480d7945a6" testName="FuncationTest" computerName="TRANSFAR-PUBLIC" duration="00:00:00.0002992" startTime="2010-12-10T16:47:17.7031250+08:00" endTime="2010-12-10T16:47:17.7031250+08:00" testType="13cdc9d9-ddb5-4fa4-a97d-d965ccfc6d4b" outcome="Passed" testListId="8c84fa94-04c1-424b-9868-57a2d4851a1d" relativeResultsDirectory="a2d7a8f9-584e-47bb-a7ec-fceace64539e">
    </UnitTestResult>
    <UnitTestResult executionId="03e57f77-71e3-4981-8c4d-8a6b8aea9645" testId="7d29f5a8-206e-66dd-f6be-07c4ac493639" testName="Funcation3Test" computerName="TRANSFAR-PUBLIC" duration="00:00:00.0064837" startTime="2010-12-10T16:47:17.7031250+08:00" endTime="2010-12-10T16:47:17.7187500+08:00" testType="13cdc9d9-ddb5-4fa4-a97d-d965ccfc6d4b" outcome="Inconclusive" testListId="8c84fa94-04c1-424b-9868-57a2d4851a1d" relativeResultsDirectory="03e57f77-71e3-4981-8c4d-8a6b8aea9645">
      <Output>
        <ErrorInfo>
          <Message>Assert.Inconclusive 失败。无法验证不返回值的方法。</Message>
          <StackTrace>   在 TestProject1.Class1Test.Funcation3Test() 位置 C:\Documents and Settings\cxs\My Documents\Visual Studio 2010\Projects\WindowsFormsApplication2\TestProject1\Class1Test.cs:行号 103
</StackTrace>
        </ErrorInfo>
      </Output>
    </UnitTestResult>
  </Results>
</TestRun>